 RngUEFI

 Timestamp is 611a135f (Mon Aug 16 15:27:27 2021)

 Preferred load address is 0000000000000000

 Start         Length     Name                   Class
 0001:00000000 000043abH .text$mn                CODE
 0002:00000000 00000fc4H .rdata                  DATA
 0002:00000fc4 00000118H .rdata$zzzdbg           DATA
 0003:00000000 00000100H .data                   DATA
 0003:00000100 000018a8H .bss                    DATA
 0004:00000000 00000234H .pdata                  DATA
 0005:00000000 000000c0H .xdata                  DATA

  Address         Publics by Value              Rva+Base               Lib:Object

 0000:00000000       __guard_flags              0000000000000000     <absolute>
 0000:00000000       __guard_iat_table          0000000000000000     <absolute>
 0000:00000000       __dynamic_value_reloc_table 0000000000000000     <absolute>
 0000:00000000       __guard_iat_count          0000000000000000     <absolute>
 0000:00000000       __guard_longjmp_table      0000000000000000     <absolute>
 0000:00000000       __guard_longjmp_count      0000000000000000     <absolute>
 0000:00000000       __guard_fids_count         0000000000000000     <absolute>
 0000:00000000       __guard_fids_table         0000000000000000     <absolute>
 0000:00000000       __ImageBase                0000000000000000     <linker-defined>
 0001:00000000       _ModuleEntryPoint          00000000000002a0 f   UefiApplicationEntryPoint:ApplicationEntryPoint.obj
 0001:00000070       ProcessLibraryConstructorList 0000000000000310 f   RngUEFI:AutoGen.obj
 0001:00000220       ProcessLibraryDestructorList 00000000000004c0 f   RngUEFI:AutoGen.obj
 0001:00000230       ProcessModuleEntryPointList 00000000000004d0 f   RngUEFI:AutoGen.obj
 0001:00000260       DebugAssert                0000000000000500 f   BaseDebugLibNull:DebugLib.obj
 0001:00000270       DebugPrintEnabled          0000000000000510 f   BaseDebugLibNull:DebugLib.obj
 0001:00000270       DebugAssertEnabled         0000000000000510 f   BaseDebugLibNull:DebugLib.obj
 0001:00000280       DebugPrint                 0000000000000520 f   BaseDebugLibNull:DebugLib.obj
 0001:000002a0       DebugPrintLevelEnabled     0000000000000540 f   BaseDebugLibNull:DebugLib.obj
 0001:000002b0       UefiBootServicesTableLibConstructor 0000000000000550 f   UefiBootServicesTableLib:UefiBootServicesTableLib.obj
 0001:00000390       UefiRuntimeServicesTableLibConstructor 0000000000000630 f   UefiRuntimeServicesTableLib:UefiRuntimeServicesTableLib.obj
 0001:000003f0       UefiLibConstructor         0000000000000690 f   UefiLib:UefiLib.obj
 0001:00000400       ShellCEntryLib             00000000000006a0 f   UefiShellCEntryLib:UefiShellCEntryLib.obj
 0001:00000530       Endpoint_OutIn             00000000000007d0 f   RngUEFI:RngUEFI.obj
 0001:00000730       Feature_Report             00000000000009d0 f   RngUEFI:RngUEFI.obj
 0001:00000870       GetRNG_YIE002              0000000000000b10 f   RngUEFI:RngUEFI.obj
 0001:000009a0       Output_Input_Report        0000000000000c40 f   RngUEFI:RngUEFI.obj
 0001:00000ae0       ShellAppMain               0000000000000d80 f   RngUEFI:RngUEFI.obj
 0001:00000be0       findMyHidDevice            0000000000000e80 f   RngUEFI:RngUEFI.obj
 0001:00000cb0       Delayms                    0000000000000f50 f   RngUEFI:Common.obj
 0001:00000ce0       InintGloabalProtocols      0000000000000f80 f   RngUEFI:Common.obj
 0001:00000fc0       LocateFileRoot             0000000000001260 f   RngUEFI:Common.obj
 0001:00001020       LocateGraphicsOutput       00000000000012c0 f   RngUEFI:Common.obj
 0001:000010f0       LocateHiiFont              0000000000001390 f   RngUEFI:Common.obj
 0001:00001120       LocateHiiImage             00000000000013c0 f   RngUEFI:Common.obj
 0001:00001150       LocateHiiImageDecoder      00000000000013f0 f   RngUEFI:Common.obj
 0001:00001180       LocateHiiImageEx           0000000000001420 f   RngUEFI:Common.obj
 0001:000011b0       LocateMouse                0000000000001450 f   RngUEFI:Common.obj
 0001:00001280       LocatePCIIO                0000000000001520 f   RngUEFI:Common.obj
 0001:00001350       LocatePCIRootBridgeIO      00000000000015f0 f   RngUEFI:Common.obj
 0001:00001420       LocateRNGOut               00000000000016c0 f   RngUEFI:Common.obj
 0001:000014f0       LocateSimpleTextInputEx    0000000000001790 f   RngUEFI:Common.obj
 0001:000015b0       LocateUsb2HC               0000000000001850 f   RngUEFI:Common.obj
 0001:000016d0       LocateUsbFnIO              0000000000001970 f   RngUEFI:Common.obj
 0001:000017f0       LocateUsbIO                0000000000001a90 f   RngUEFI:Common.obj
 0001:00001910       WaitKey                    0000000000001bb0 f   RngUEFI:Keyboard.obj
 0001:00001970       ReadUnaligned16            0000000000001c10 f   BaseLib:Unaligned.obj
 0001:000019c0       ReadUnaligned32            0000000000001c60 f   BaseLib:Unaligned.obj
 0001:00001a10       AsciiStrnLenS              0000000000001cb0 f   BaseLib:SafeString.obj
 0001:00001a80       StrnLenS                   0000000000001d20 f   BaseLib:SafeString.obj
 0001:00001b30       InternalMathDivRemU64x32   0000000000001dd0 f   BaseLib:Math64.obj
 0001:00001b90       AllocatePool               0000000000001e30 f   UefiMemoryAllocationLib:MemoryAllocationLib.obj
 0001:00001bb0       FreePool                   0000000000001e50 f   UefiMemoryAllocationLib:MemoryAllocationLib.obj
 0001:00001c50       InternalAllocatePool       0000000000001ef0 f   UefiMemoryAllocationLib:MemoryAllocationLib.obj
 0001:00001ca0       InternalPrint              0000000000001f40 f   UefiLib:UefiLibPrint.obj
 0001:00001e10       Print                      00000000000020b0 f   UefiLib:UefiLibPrint.obj
 0001:00001e70       UsbGetReportRequest        0000000000002110 f   UefiUsbLib:Hid.obj
 0001:00001f80       UsbSetReportRequest        0000000000002220 f   UefiUsbLib:Hid.obj
 0001:00002090       UnicodeVSPrint             0000000000002330 f   BasePrintLib:PrintLib.obj
 0001:00002150       BasePrintLibFillBuffer     00000000000023f0 f   BasePrintLib:PrintLibInternal.obj
 0001:000021e0       BasePrintLibSPrint         0000000000002480 f   BasePrintLib:PrintLibInternal.obj
 0001:00002250       BasePrintLibSPrintMarker   00000000000024f0 f   BasePrintLib:PrintLibInternal.obj
 0001:000042e0       BasePrintLibValueToString  0000000000004580 f   BasePrintLib:PrintLibInternal.obj
 0001:00004350       DivU64x32Remainder         00000000000045f0 f   BaseLib:DivU64x32Remainder.obj
 0002:00000000       _gPcd_FixedAtBuild_PcdMaximumAsciiStringLength 0000000000004660     RngUEFI:AutoGen.obj
 0002:00000004       _gPcd_FixedAtBuild_PcdMaximumUnicodeStringLength 0000000000004664     RngUEFI:AutoGen.obj
 0002:00000008       _gPcd_FixedAtBuild_PcdUefiLibMaxPrintBufferSize 0000000000004668     RngUEFI:AutoGen.obj
 0002:0000000c       _gPcd_FixedAtBuild_PcdUsbTransferTimeoutValue 000000000000466c     RngUEFI:AutoGen.obj
 0002:00000010       _gUefiDriverRevision       0000000000004670     RngUEFI:AutoGen.obj
 0002:00000018       ??_C@_0CB@DMEJJJHA@?6ASSERT_EFI_ERROR?5?$CIStatus?5?$DN?5?$CFr?$CJ?6@ 0000000000004678     RngUEFI:AutoGen.obj
 0002:00000040       ??_C@_0BE@DCHLEIGN@?$CBEFI_ERROR?5?$CIStatus?$CJ?$AA@ 00000000000046a0     RngUEFI:AutoGen.obj
 0002:00000060       ??_C@_0GK@KCDDPBKJ@c?3?2vudk2018?2edk2?2Build?2RobinPkg?2@ 00000000000046c0     RngUEFI:AutoGen.obj
 0002:000000d0       ??_C@_0BN@COECPDCC@gImageHandle?5?$CB?$DN?5?$CI?$CIvoid?5?$CK?$CJ?50?$CJ?$AA@ 0000000000004730     UefiBootServicesTableLib:UefiBootServicesTableLib.obj
 0002:000000f0       ??_C@_0FE@BOKACBDC@c?3?2vudk2018?2edk2?2MdePkg?2Library?2@ 0000000000004750     UefiBootServicesTableLib:UefiBootServicesTableLib.obj
 0002:00000148       ??_C@_0BE@DGNHAHIL@gST?5?$CB?$DN?5?$CI?$CIvoid?5?$CK?$CJ?50?$CJ?$AA@ 00000000000047a8     UefiBootServicesTableLib:UefiBootServicesTableLib.obj
 0002:00000160       ??_C@_0BE@BDFJLGLN@gBS?5?$CB?$DN?5?$CI?$CIvoid?5?$CK?$CJ?50?$CJ?$AA@ 00000000000047c0     UefiBootServicesTableLib:UefiBootServicesTableLib.obj
 0002:00000178       ??_C@_0BE@OBDFIHND@gRT?5?$CB?$DN?5?$CI?$CIvoid?5?$CK?$CJ?50?$CJ?$AA@ 00000000000047d8     UefiRuntimeServicesTableLib:UefiRuntimeServicesTableLib.obj
 0002:00000190       ??_C@_0FK@KHGLMNEE@c?3?2vudk2018?2edk2?2MdePkg?2Library?2@ 00000000000047f0     UefiRuntimeServicesTableLib:UefiRuntimeServicesTableLib.obj
 0002:000001f0       ??_C@_0BC@FEDIJHFF@?$CI?$CIBOOLEAN?$CJ?$CI0?$DN?$DN1?$CJ?$CJ?$AA@ 0000000000004850     UefiShellCEntryLib:UefiShellCEntryLib.obj
 0002:00000210       ??_C@_0EK@KDJBDNMK@c?3?2vudk2018?2edk2?2ShellPkg?2Librar@ 0000000000004870     UefiShellCEntryLib:UefiShellCEntryLib.obj
 0002:00000260       ??_C@_1BC@GHPPLIC@?$AAf?$AAl?$AAa?$AAg?$AA?$DN?$AA?$CF?$AAx?$AA?6?$AA?$AA@ 00000000000048c0     RngUEFI:RngUEFI.obj
 0002:00000278       ??_C@_1DG@ENFANKMD@?$AAM?$AAy?$AAH?$AAi?$AAd?$AAD?$AAe?$AAv?$AAi?$AAc?$AAe?$AA?5?$AAi?$AAs?$AA?5?$AAn?$AAo?$AAt?$AA?5?$AAe?$AAx?$AAi?$AAs?$AAt?$AA?$CB?$AA?6?$AA?$AA@ 00000000000048d8     RngUEFI:RngUEFI.obj
 0002:000002b0       ??_C@_1GA@EFFLHIBC@?$AA?9?$AA?9?$AA?9?$AA?9?$AA?9?$AA?9?$AA?5?$AA?$CF?$AA0?$AA2?$AAd?$AA?5?$AAG?$AAe?$AAt?$AA?5?$AAR?$AAa?$AAn?$AAd?$AAo?$AAm?$AA?5?$AAn?$AAu?$AAm?$AAb?$AAe?$AAr?$AA?5?$AAf?$AAr@ 0000000000004910     RngUEFI:RngUEFI.obj
 0002:00000310       ??_C@_1DI@FIMKIFKN@?$AAU?$AAs?$AAb?$AAS?$AAe?$AAt?$AAR?$AAe?$AAp?$AAo?$AAr?$AAt?$AAR?$AAe?$AAq?$AAu?$AAe?$AAs?$AAt?$AA?5?$AAE?$AAr?$AAr?$AAo?$AAr?$AA?$CB?$AA?6?$AA?$AA@ 0000000000004970     RngUEFI:RngUEFI.obj
 0002:00000348       ??_C@_1DI@LLBFKPH@?$AAU?$AAs?$AAb?$AAG?$AAe?$AAt?$AAR?$AAe?$AAp?$AAo?$AAr?$AAt?$AAR?$AAe?$AAq?$AAu?$AAe?$AAs?$AAt?$AA?5?$AAE?$AAr?$AAr?$AAo?$AAr?$AA?$CB?$AA?6?$AA?$AA@ 00000000000049a8     RngUEFI:RngUEFI.obj
 0002:00000380       ??_C@_1EO@HHHAMCEF@?$AAF?$AAe?$AAa?$AAt?$AAu?$AAr?$AAe?$AA_?$AAR?$AAe?$AAp?$AAo?$AAr?$AAt?$AA?0?$AAd?$AAa?$AAt?$AAa?$AA?5?$AAf?$AAr?$AAo?$AAm?$AA?5?$AAM?$AAy?$AAH?$AAi?$AAd?$AAD?$AAe@ 00000000000049e0     RngUEFI:RngUEFI.obj
 0002:000003d0       ??_C@_1BA@FDKAAGHI@?$AA0?$AAx?$AA?$CF?$AA0?$AA2?$AAx?$AA?5?$AA?$AA@ 0000000000004a30     RngUEFI:RngUEFI.obj
 0002:000003e0       ??_C@_13LBAGMAIH@?$AA?6?$AA?$AA@ 0000000000004a40     RngUEFI:RngUEFI.obj
 0002:000003f0       ??_C@_1FI@FFFHOHMD@?$AAO?$AAu?$AAt?$AAp?$AAu?$AAt?$AA_?$AAI?$AAn?$AAp?$AAu?$AAt?$AA_?$AAR?$AAe?$AAp?$AAo?$AAr?$AAt?$AA?0?$AAd?$AAa?$AAt?$AAa?$AA?5?$AAf?$AAr?$AAo?$AAm?$AA?5?$AAM?$AAy@ 0000000000004a50     RngUEFI:RngUEFI.obj
 0002:00000450       ??_C@_1EK@EKNKPDJE@?$AAO?$AAU?$AAT?$AA?3?$AAU?$AAs?$AAb?$AAS?$AAy?$AAn?$AAc?$AAI?$AAn?$AAt?$AAe?$AAr?$AAr?$AAu?$AAp?$AAt?$AAT?$AAr?$AAa?$AAn?$AAs?$AAf?$AAe?$AAr?$AA?5?$AAE?$AAr?$AAr@ 0000000000004ab0     RngUEFI:RngUEFI.obj
 0002:000004a0       ??_C@_1BG@FFPOAHNG@?$AAS?$AAt?$AAa?$AAt?$AAu?$AAs?$AA?3?$AA?$CF?$AAr?$AA?6?$AA?$AA@ 0000000000004b00     RngUEFI:RngUEFI.obj
 0002:000004c0       ??_C@_1EI@OKIEFOPM@?$AAU?$AAs?$AAb?$AAS?$AAy?$AAn?$AAc?$AAI?$AAn?$AAt?$AAe?$AAr?$AAr?$AAu?$AAp?$AAt?$AAT?$AAr?$AAa?$AAn?$AAs?$AAf?$AAe?$AAr?$AA?5?$AAr?$AAe?$AAs?$AAu?$AAl?$AAt?$AA?3@ 0000000000004b20     RngUEFI:RngUEFI.obj
 0002:00000510       ??_C@_1EI@EJIBNCJE@?$AAI?$AAN?$AA?3?$AAU?$AAs?$AAb?$AAS?$AAy?$AAn?$AAc?$AAI?$AAn?$AAt?$AAe?$AAr?$AAr?$AAu?$AAp?$AAt?$AAT?$AAr?$AAa?$AAn?$AAs?$AAf?$AAe?$AAr?$AA?5?$AAE?$AAr?$AAr?$AAo@ 0000000000004b70     RngUEFI:RngUEFI.obj
 0002:00000560       ??_C@_1FE@NJLJFGGJ@?$AAE?$AAn?$AAd?$AAp?$AAo?$AAi?$AAn?$AAt?$AA_?$AAO?$AAu?$AAt?$AAI?$AAn?$AA?0?$AAd?$AAa?$AAt?$AAa?$AA?5?$AAf?$AAr?$AAo?$AAm?$AA?5?$AAM?$AAy?$AAH?$AAi?$AAd?$AAD?$AAe@ 0000000000004bc0     RngUEFI:RngUEFI.obj
 0002:000005b8       ??_C@_0CD@BDCLIGHD@?$CI?$CIUINTN?$CJ?5String?5?$CG?50x00000001?$CJ?5?$DN?$DN@ 0000000000004c18     BaseLib:String.obj
 0002:000005e0       ??_C@_0BH@IACGKAP@Buffer?5?$CB?$DN?5?$CI?$CIvoid?5?$CK?$CJ?50?$CJ?$AA@ 0000000000004c40     BaseLib:Unaligned.obj
 0002:000005f8       ??_C@_0DE@KGJGMMAO@c?3?2vudk2018?2edk2?2MdePkg?2Library?2@ 0000000000004c58     BaseLib:Unaligned.obj
 0002:00000630       ??_C@_0DF@OEOIKGIK@c?3?2vudk2018?2edk2?2MdePkg?2Library?2@ 0000000000004c90     BaseLib:SafeString.obj
 0002:00000668       ??_C@_0BJ@CNKJJNE@?$CIBuffer?5?$CB?$DN?5?$CI?$CIvoid?5?$CK?$CJ?50?$CJ?$CJ?$AA@ 0000000000004cc8     BaseLib:SafeString.obj
 0002:00000688       ??_C@_0N@KGHEHMDL@Divisor?5?$CB?$DN?50?$AA@ 0000000000004ce8     BaseLib:DivU64x32.obj
 0002:000006a0       ??_C@_0EO@CFKMBHCK@c?3?2vudk2018?2edk2?2MdePkg?2Library?2@ 0000000000004d00     UefiMemoryAllocationLib:MemoryAllocationLib.obj
 0002:000006f0       ??_C@_0BH@LKMBFCBF@Format?5?$CB?$DN?5?$CI?$CIvoid?5?$CK?$CJ?50?$CJ?$AA@ 0000000000004d50     UefiLib:UefiLibPrint.obj
 0002:00000708       ??_C@_0DH@FEEIGCAF@c?3?2vudk2018?2edk2?2MdePkg?2Library?2@ 0000000000004d68     UefiLib:UefiLibPrint.obj
 0002:00000740       ??_C@_0CD@NJDNMGBE@?$CI?$CIUINTN?$CJ?5Format?5?$CG?50x00000001?$CJ?5?$DN?$DN@ 0000000000004da0     UefiLib:UefiLibPrint.obj
 0002:00000768       ??_C@_0BI@DIKLKBJC@Console?5?$CB?$DN?5?$CI?$CIvoid?5?$CK?$CJ?50?$CJ?$AA@ 0000000000004dc8     UefiLib:UefiLibPrint.obj
 0002:00000780       ??_C@_0BG@CBCHCMKB@UsbIo?5?$CB?$DN?5?$CI?$CIvoid?5?$CK?$CJ?50?$CJ?$AA@ 0000000000004de0     UefiUsbLib:Hid.obj
 0002:00000798       ??_C@_0DB@GOPMHNPF@c?3?2vudk2018?2edk2?2MdePkg?2Library?2@ 0000000000004df8     UefiUsbLib:Hid.obj
 0002:000007d0       ??_C@_0BH@LCOCFABI@Report?5?$CB?$DN?5?$CI?$CIvoid?5?$CK?$CJ?50?$CJ?$AA@ 0000000000004e30     UefiUsbLib:Hid.obj
 0002:000007e8       ??_C@_0CI@BGLNHBLM@?$CI?$CI?$CIUINTN?$CJ?5?$CIStartOfBuffer?$CJ?$CJ?5?$CG?50x0@ 0000000000004e48     BasePrintLib:PrintLib.obj
 0002:00000810       ??_C@_0DI@GFNPNDOE@c?3?2vudk2018?2edk2?2MdePkg?2Library?2@ 0000000000004e70     BasePrintLib:PrintLib.obj
 0002:00000848       ??_C@_0CH@KJLBGOBB@?$CI?$CI?$CIUINTN?$CJ?5?$CIFormatString?$CJ?$CJ?5?$CG?50x01@ 0000000000004ea8     BasePrintLib:PrintLib.obj
 0002:00000870       mHexStr                    0000000000004ed0     BasePrintLib:PrintLibInternal.obj
 0002:00000880       mStatusString              0000000000004ee0     BasePrintLib:PrintLibInternal.obj
 0002:000009b8       ??_C@_07PBILKAFL@Success?$AA@ 0000000000005018     BasePrintLib:PrintLibInternal.obj
 0002:000009c0       ??_C@_0BG@CFJMNNJK@Warning?5Unknown?5Glyph?$AA@ 0000000000005020     BasePrintLib:PrintLibInternal.obj
 0002:000009d8       ??_C@_0BH@GKKCJEPJ@Warning?5Delete?5Failure?$AA@ 0000000000005038     BasePrintLib:PrintLibInternal.obj
 0002:000009f0       ??_C@_0BG@ECIJMOED@Warning?5Write?5Failure?$AA@ 0000000000005050     BasePrintLib:PrintLibInternal.obj
 0002:00000a08       ??_C@_0BJ@ODIPDGHB@Warning?5Buffer?5Too?5Small?$AA@ 0000000000005068     BasePrintLib:PrintLibInternal.obj
 0002:00000a28       ??_C@_0BD@IFJNJCCO@Warning?5Stale?5Data?$AA@ 0000000000005088     BasePrintLib:PrintLibInternal.obj
 0002:00000a40       ??_C@_0L@PLPBEPPC@Load?5Error?$AA@ 00000000000050a0     BasePrintLib:PrintLibInternal.obj
 0002:00000a50       ??_C@_0BC@HOFHKGJN@Invalid?5Parameter?$AA@ 00000000000050b0     BasePrintLib:PrintLibInternal.obj
 0002:00000a68       ??_C@_0M@BEECMOIL@Unsupported?$AA@ 00000000000050c8     BasePrintLib:PrintLibInternal.obj
 0002:00000a78       ??_C@_0BA@FLNMPMCF@Bad?5Buffer?5Size?$AA@ 00000000000050d8     BasePrintLib:PrintLibInternal.obj
 0002:00000a88       ??_C@_0BB@EGELJFOB@Buffer?5Too?5Small?$AA@ 00000000000050e8     BasePrintLib:PrintLibInternal.obj
 0002:00000aa0       ??_C@_09NKFGCIPN@Not?5Ready?$AA@ 0000000000005100     BasePrintLib:PrintLibInternal.obj
 0002:00000ab0       ??_C@_0N@HHEABDHO@Device?5Error?$AA@ 0000000000005110     BasePrintLib:PrintLibInternal.obj
 0002:00000ac0       ??_C@_0BA@LNEDDFNB@Write?5Protected?$AA@ 0000000000005120     BasePrintLib:PrintLibInternal.obj
 0002:00000ad0       ??_C@_0BB@GOILNEAA@Out?5of?5Resources?$AA@ 0000000000005130     BasePrintLib:PrintLibInternal.obj
 0002:00000ae8       ??_C@_0P@EIOJGIF@Volume?5Corrupt?$AA@ 0000000000005148     BasePrintLib:PrintLibInternal.obj
 0002:00000af8       ??_C@_0M@HDLEPOFA@Volume?5Full?$AA@ 0000000000005158     BasePrintLib:PrintLibInternal.obj
 0002:00000b08       ??_C@_08KEGAJDNN@No?5Media?$AA@ 0000000000005168     BasePrintLib:PrintLibInternal.obj
 0002:00000b18       ??_C@_0O@JNCJKCCD@Media?5changed?$AA@ 0000000000005178     BasePrintLib:PrintLibInternal.obj
 0002:00000b28       ??_C@_09CFCBFJND@Not?5Found?$AA@ 0000000000005188     BasePrintLib:PrintLibInternal.obj
 0002:00000b38       ??_C@_0O@NFHOBIDO@Access?5Denied?$AA@ 0000000000005198     BasePrintLib:PrintLibInternal.obj
 0002:00000b48       ??_C@_0M@ENKCBFEP@No?5Response?$AA@ 00000000000051a8     BasePrintLib:PrintLibInternal.obj
 0002:00000b58       ??_C@_0L@IFPBNFC@No?5mapping?$AA@ 00000000000051b8     BasePrintLib:PrintLibInternal.obj
 0002:00000b68       ??_C@_08PAFJCNGP@Time?5out?$AA@ 00000000000051c8     BasePrintLib:PrintLibInternal.obj
 0002:00000b78       ??_C@_0M@DCJFAFHJ@Not?5started?$AA@ 00000000000051d8     BasePrintLib:PrintLibInternal.obj
 0002:00000b88       ??_C@_0BA@IGIBFFPH@Already?5started?$AA@ 00000000000051e8     BasePrintLib:PrintLibInternal.obj
 0002:00000b98       ??_C@_07LCKDCBKK@Aborted?$AA@ 00000000000051f8     BasePrintLib:PrintLibInternal.obj
 0002:00000ba0       ??_C@_0L@LKIFCMNO@ICMP?5Error?$AA@ 0000000000005200     BasePrintLib:PrintLibInternal.obj
 0002:00000bb0       ??_C@_0L@DJKNJKHM@TFTP?5Error?$AA@ 0000000000005210     BasePrintLib:PrintLibInternal.obj
 0002:00000bc0       ??_C@_0P@NCJHBCLM@Protocol?5Error?$AA@ 0000000000005220     BasePrintLib:PrintLibInternal.obj
 0002:00000bd0       ??_C@_0BF@EHOBGFMI@Incompatible?5Version?$AA@ 0000000000005230     BasePrintLib:PrintLibInternal.obj
 0002:00000be8       ??_C@_0BD@KHMPCIOG@Security?5Violation?$AA@ 0000000000005248     BasePrintLib:PrintLibInternal.obj
 0002:00000c00       ??_C@_09BOMAGJEG@CRC?5Error?$AA@ 0000000000005260     BasePrintLib:PrintLibInternal.obj
 0002:00000c10       ??_C@_0N@JEJDHPO@End?5of?5Media?$AA@ 0000000000005270     BasePrintLib:PrintLibInternal.obj
 0002:00000c20       ??_C@_0O@NMJOLAMF@Reserved?5?$CI29?$CJ?$AA@ 0000000000005280     BasePrintLib:PrintLibInternal.obj
 0002:00000c30       ??_C@_0O@GLPDOMCP@Reserved?5?$CI30?$CJ?$AA@ 0000000000005290     BasePrintLib:PrintLibInternal.obj
 0002:00000c40       ??_C@_0M@FKGOBENP@End?5of?5File?$AA@ 00000000000052a0     BasePrintLib:PrintLibInternal.obj
 0002:00000c50       ??_C@_0BB@KFJAMCOC@Invalid?5Language?$AA@ 00000000000052b0     BasePrintLib:PrintLibInternal.obj
 0002:00000c68       ??_C@_0BB@MFGDFIJM@Compromised?5Data?$AA@ 00000000000052c8     BasePrintLib:PrintLibInternal.obj
 0002:00000c80       ??_C@_0EA@HGPGLKGJ@c?3?2vudk2018?2edk2?2MdePkg?2Library?2@ 00000000000052e0     BasePrintLib:PrintLibInternal.obj
 0002:00000cc0       ??_C@_0EB@HDGIDCIO@?$CIBufferSize?5?$DM?$DN?5?$CI_gPcd_FixedAtBui@ 0000000000005320     BasePrintLib:PrintLibInternal.obj
 0002:00000d08       ??_C@_0BJ@PPAKKDJG@?$CIFormat?5?$CB?$DN?5?$CI?$CIvoid?5?$CK?$CJ?50?$CJ?$CJ?$AA@ 0000000000005368     BasePrintLib:PrintLibInternal.obj
 0002:00000d30       ??_C@_0ED@LPDDCECB@?$CIBufferSize?5?$DM?$DN?5?$CI_gPcd_FixedAtBui@ 0000000000005390     BasePrintLib:PrintLibInternal.obj
 0002:00000d80       ??_C@_0IM@BFJJFLGB@?$CIStrnLenS?5?$CI?$CICHAR16?5?$CK?$CJFormat?0?5?$CI_g@ 00000000000053e0     BasePrintLib:PrintLibInternal.obj
 0002:00000e10       ??_C@_0ID@PLGJGION@?$CIAsciiStrnLenS?5?$CIFormat?0?5?$CI_gPcd_F@ 0000000000005470     BasePrintLib:PrintLibInternal.obj
 0002:00000e98       ??_C@_0O@MLOLIMFM@?$DMnull?5string?$DO?$AA@ 00000000000054f8     BasePrintLib:PrintLibInternal.obj
 0002:00000ea8       ??_C@_0M@BJJDNPHK@?$DMnull?5guid?$DO?$AA@ 0000000000005508     BasePrintLib:PrintLibInternal.obj
 0002:00000eb8       ??_C@_0DB@PMLHLBMO@?$CF08x?9?$CF04x?9?$CF04x?9?$CF02x?$CF02x?9?$CF02x?$CF02x@ 0000000000005518     BasePrintLib:PrintLibInternal.obj
 0002:00000ef0       ??_C@_0M@LHGBCIKM@?$DMnull?5time?$DO?$AA@ 0000000000005550     BasePrintLib:PrintLibInternal.obj
 0002:00000f00       ??_C@_0BK@FCPKCIDD@?$CF02d?1?$CF02d?1?$CF04d?5?5?$CF02d?3?$CF02d?$AA@ 0000000000005560     BasePrintLib:PrintLibInternal.obj
 0002:00000f1c       ??_C@_04JIMNDDED@?$CF08X?$AA@ 000000000000557c     BasePrintLib:PrintLibInternal.obj
 0002:00000f24       ??_C@_02PCIJFNDE@?$AN?6?$AA@ 0000000000005584     BasePrintLib:PrintLibInternal.obj
 0002:00000f28       ??_C@_01LIIJDEN@?$AN?$AA@  0000000000005588     BasePrintLib:PrintLibInternal.obj
 0002:00000f30       ??_C@_0DN@PBBHMNFL@c?3?2vudk2018?2edk2?2MdePkg?2Library?2@ 0000000000005590     BaseLib:DivU64x32Remainder.obj
 0003:00000000       gEfiSimplePointerProtocolGuid 0000000000005740     RngUEFI:AutoGen.obj
 0003:00000010       gEfiGraphicsOutputProtocolGuid 0000000000005750     RngUEFI:AutoGen.obj
 0003:00000020       gEfiSimpleFileSystemProtocolGuid 0000000000005760     RngUEFI:AutoGen.obj
 0003:00000030       gEfiPciIoProtocolGuid      0000000000005770     RngUEFI:AutoGen.obj
 0003:00000040       gEfiPciRootBridgeIoProtocolGuid 0000000000005780     RngUEFI:AutoGen.obj
 0003:00000050       gEfiHiiImageProtocolGuid   0000000000005790     RngUEFI:AutoGen.obj
 0003:00000060       gEfiHiiImageExProtocolGuid 00000000000057a0     RngUEFI:AutoGen.obj
 0003:00000070       gEfiHiiImageDecoderProtocolGuid 00000000000057b0     RngUEFI:AutoGen.obj
 0003:00000080       gEfiRngProtocolGuid        00000000000057c0     RngUEFI:AutoGen.obj
 0003:00000090       gEfiUsbIoProtocolGuid      00000000000057d0     RngUEFI:AutoGen.obj
 0003:000000a0       gEfiUsb2HcProtocolGuid     00000000000057e0     RngUEFI:AutoGen.obj
 0003:000000b0       gEfiUsbFunctionIoProtocolGuid 00000000000057f0     RngUEFI:AutoGen.obj
 0003:000000c0       gEfiHiiFontProtocolGuid    0000000000005800     RngUEFI:AutoGen.obj
 0003:000000d0       gEfiShellParametersProtocolGuid 0000000000005810     RngUEFI:AutoGen.obj
 0003:000000e0       gEfiShellInterfaceGuid     0000000000005820     RngUEFI:AutoGen.obj
 0003:000000f0       gEfiSimpleTextInputExProtocolGuid 0000000000005830     RngUEFI:AutoGen.obj
 0003:00000100       gImageHandle               0000000000005840     UefiBootServicesTableLib:UefiBootServicesTableLib.obj
 0003:00000108       gST                        0000000000005848     UefiBootServicesTableLib:UefiBootServicesTableLib.obj
 0003:00000110       gBS                        0000000000005850     UefiBootServicesTableLib:UefiBootServicesTableLib.obj
 0003:00000118       gRT                        0000000000005858     UefiRuntimeServicesTableLib:UefiRuntimeServicesTableLib.obj
 0003:00000120       gUsbIOCount                0000000000005860     RngUEFI:Common.obj
 0003:00000128       gUsb2HCCount               0000000000005868     RngUEFI:Common.obj
 0003:00000130       gUsbFnIOCount              0000000000005870     RngUEFI:Common.obj
 0003:00000138       gHiiImage                  0000000000005878     <common>
 0003:00000140       gHiiFont                   0000000000005880     <common>
 0003:00000148       gRNGOut                    0000000000005888     <common>
 0003:00000160       gUsbFnIO                   00000000000058a0     <common>
 0003:00000960       gUsb2HC                    00000000000060a0     <common>
 0003:00001160       gUsbIO                     00000000000068a0     <common>
 0003:00001960       gHiiImageDecoder           00000000000070a0     <common>
 0003:00001968       gHiiImageEx                00000000000070a8     <common>
 0003:00001970       gFileRoot                  00000000000070b0     <common>
 0003:00001978       gSimpleFileSystem          00000000000070b8     <common>
 0003:00001980       gPCIIO                     00000000000070c0     <common>
 0003:00001988       gPCIRootBridgeIO           00000000000070c8     <common>
 0003:00001990       gGraphicsOutput            00000000000070d0     <common>
 0003:00001998       gMouse                     00000000000070d8     <common>
 0003:000019a0       gConInEx                   00000000000070e0     <common>

 entry point at        0001:00000000

 Static symbols

 0001:00004190       $LN236                     0000000000004430     BasePrintLib:PrintLibInternal.obj
 0001:000041bc       $LN235                     000000000000445c     BasePrintLib:PrintLibInternal.obj
 0001:0000422c       $LN234                     00000000000044cc     BasePrintLib:PrintLibInternal.obj
 0001:00004264       $LN233                     0000000000004504     BasePrintLib:PrintLibInternal.obj
 0004:00000000       $pdata$_ModuleEntryPoint   0000000000007100     UefiApplicationEntryPoint:ApplicationEntryPoint.obj
 0004:0000000c       $pdata$ProcessLibraryConstructorList 000000000000710c     RngUEFI:AutoGen.obj
 0004:00000018       $pdata$ProcessModuleEntryPointList 0000000000007118     RngUEFI:AutoGen.obj
 0004:00000024       $pdata$UefiBootServicesTableLibConstructor 0000000000007124     UefiBootServicesTableLib:UefiBootServicesTableLib.obj
 0004:00000030       $pdata$UefiRuntimeServicesTableLibConstructor 0000000000007130     UefiRuntimeServicesTableLib:UefiRuntimeServicesTableLib.obj
 0004:0000003c       $pdata$ShellCEntryLib      000000000000713c     UefiShellCEntryLib:UefiShellCEntryLib.obj
 0004:00000048       $pdata$Endpoint_OutIn      0000000000007148     RngUEFI:RngUEFI.obj
 0004:00000054       $pdata$Feature_Report      0000000000007154     RngUEFI:RngUEFI.obj
 0004:00000060       $pdata$GetRNG_YIE002       0000000000007160     RngUEFI:RngUEFI.obj
 0004:0000006c       $pdata$Output_Input_Report 000000000000716c     RngUEFI:RngUEFI.obj
 0004:00000078       $pdata$ShellAppMain        0000000000007178     RngUEFI:RngUEFI.obj
 0004:00000084       $pdata$findMyHidDevice     0000000000007184     RngUEFI:RngUEFI.obj
 0004:00000090       $pdata$Delayms             0000000000007190     RngUEFI:Common.obj
 0004:0000009c       $pdata$InintGloabalProtocols 000000000000719c     RngUEFI:Common.obj
 0004:000000a8       $pdata$LocateFileRoot      00000000000071a8     RngUEFI:Common.obj
 0004:000000b4       $pdata$LocateGraphicsOutput 00000000000071b4     RngUEFI:Common.obj
 0004:000000c0       $pdata$LocateHiiFont       00000000000071c0     RngUEFI:Common.obj
 0004:000000cc       $pdata$LocateHiiImage      00000000000071cc     RngUEFI:Common.obj
 0004:000000d8       $pdata$LocateHiiImageDecoder 00000000000071d8     RngUEFI:Common.obj
 0004:000000e4       $pdata$LocateHiiImageEx    00000000000071e4     RngUEFI:Common.obj
 0004:000000f0       $pdata$LocateMouse         00000000000071f0     RngUEFI:Common.obj
 0004:000000fc       $pdata$LocatePCIIO         00000000000071fc     RngUEFI:Common.obj
 0004:00000108       $pdata$LocatePCIRootBridgeIO 0000000000007208     RngUEFI:Common.obj
 0004:00000114       $pdata$LocateRNGOut        0000000000007214     RngUEFI:Common.obj
 0004:00000120       $pdata$LocateSimpleTextInputEx 0000000000007220     RngUEFI:Common.obj
 0004:0000012c       $pdata$LocateUsb2HC        000000000000722c     RngUEFI:Common.obj
 0004:00000138       $pdata$LocateUsbFnIO       0000000000007238     RngUEFI:Common.obj
 0004:00000144       $pdata$LocateUsbIO         0000000000007244     RngUEFI:Common.obj
 0004:00000150       $pdata$WaitKey             0000000000007250     RngUEFI:Keyboard.obj
 0004:0000015c       $pdata$ReadUnaligned16     000000000000725c     BaseLib:Unaligned.obj
 0004:00000168       $pdata$ReadUnaligned32     0000000000007268     BaseLib:Unaligned.obj
 0004:00000174       $pdata$AsciiStrnLenS       0000000000007274     BaseLib:SafeString.obj
 0004:00000180       $pdata$StrnLenS            0000000000007280     BaseLib:SafeString.obj
 0004:0000018c       $pdata$InternalMathDivRemU64x32 000000000000728c     BaseLib:Math64.obj
 0004:00000198       $pdata$AllocatePool        0000000000007298     UefiMemoryAllocationLib:MemoryAllocationLib.obj
 0004:000001a4       $pdata$FreePool            00000000000072a4     UefiMemoryAllocationLib:MemoryAllocationLib.obj
 0004:000001b0       $pdata$InternalAllocatePool 00000000000072b0     UefiMemoryAllocationLib:MemoryAllocationLib.obj
 0004:000001bc       $pdata$InternalPrint       00000000000072bc     UefiLib:UefiLibPrint.obj
 0004:000001c8       $pdata$Print               00000000000072c8     UefiLib:UefiLibPrint.obj
 0004:000001d4       $pdata$UsbGetReportRequest 00000000000072d4     UefiUsbLib:Hid.obj
 0004:000001e0       $pdata$UsbSetReportRequest 00000000000072e0     UefiUsbLib:Hid.obj
 0004:000001ec       $pdata$UnicodeVSPrint      00000000000072ec     BasePrintLib:PrintLib.obj
 0004:000001f8       $pdata$BasePrintLibFillBuffer 00000000000072f8     BasePrintLib:PrintLibInternal.obj
 0004:00000204       $pdata$BasePrintLibSPrint  0000000000007304     BasePrintLib:PrintLibInternal.obj
 0004:00000210       $pdata$BasePrintLibSPrintMarker 0000000000007310     BasePrintLib:PrintLibInternal.obj
 0004:0000021c       $pdata$BasePrintLibValueToString 000000000000731c     BasePrintLib:PrintLibInternal.obj
 0004:00000228       $pdata$DivU64x32Remainder  0000000000007328     BaseLib:DivU64x32Remainder.obj
 0005:00000000       $unwind$UefiRuntimeServicesTableLibConstructor 0000000000007340     UefiRuntimeServicesTableLib:UefiRuntimeServicesTableLib.obj
 0005:00000000       $unwind$UefiBootServicesTableLibConstructor 0000000000007340     UefiBootServicesTableLib:UefiBootServicesTableLib.obj
 0005:00000000       $unwind$ProcessModuleEntryPointList 0000000000007340     RngUEFI:AutoGen.obj
 0005:00000008       $unwind$ShellCEntryLib     0000000000007348     UefiShellCEntryLib:UefiShellCEntryLib.obj
 0005:00000010       $unwind$ShellAppMain       0000000000007350     RngUEFI:RngUEFI.obj
 0005:00000018       $unwind$findMyHidDevice    0000000000007358     RngUEFI:RngUEFI.obj
 0005:00000020       $unwind$Endpoint_OutIn     0000000000007360     RngUEFI:RngUEFI.obj
 0005:00000028       $unwind$Feature_Report     0000000000007368     RngUEFI:RngUEFI.obj
 0005:00000028       $unwind$Output_Input_Report 0000000000007368     RngUEFI:RngUEFI.obj
 0005:00000030       $unwind$GetRNG_YIE002      0000000000007370     RngUEFI:RngUEFI.obj
 0005:00000038       $unwind$FreePool           0000000000007378     UefiMemoryAllocationLib:MemoryAllocationLib.obj
 0005:00000038       $unwind$InintGloabalProtocols 0000000000007378     RngUEFI:Common.obj
 0005:00000040       $unwind$LocateHiiImage     0000000000007380     RngUEFI:Common.obj
 0005:00000040       $unwind$LocateHiiImageEx   0000000000007380     RngUEFI:Common.obj
 0005:00000040       $unwind$LocateHiiImageDecoder 0000000000007380     RngUEFI:Common.obj
 0005:00000040       $unwind$LocateHiiFont      0000000000007380     RngUEFI:Common.obj
 0005:00000040       $unwind$WaitKey            0000000000007380     RngUEFI:Keyboard.obj
 0005:00000040       $unwind$LocateFileRoot     0000000000007380     RngUEFI:Common.obj
 0005:00000048       $unwind$LocateUsbIO        0000000000007388     RngUEFI:Common.obj
 0005:00000048       $unwind$LocatePCIIO        0000000000007388     RngUEFI:Common.obj
 0005:00000048       $unwind$LocateUsb2HC       0000000000007388     RngUEFI:Common.obj
 0005:00000048       $unwind$LocatePCIRootBridgeIO 0000000000007388     RngUEFI:Common.obj
 0005:00000048       $unwind$LocateUsbFnIO      0000000000007388     RngUEFI:Common.obj
 0005:00000048       $unwind$LocateGraphicsOutput 0000000000007388     RngUEFI:Common.obj
 0005:00000048       $unwind$LocateRNGOut       0000000000007388     RngUEFI:Common.obj
 0005:00000048       $unwind$LocateSimpleTextInputEx 0000000000007388     RngUEFI:Common.obj
 0005:00000048       $unwind$LocateMouse        0000000000007388     RngUEFI:Common.obj
 0005:00000050       $unwind$ReadUnaligned32    0000000000007390     BaseLib:Unaligned.obj
 0005:00000050       $unwind$Delayms            0000000000007390     RngUEFI:Common.obj
 0005:00000050       $unwind$ReadUnaligned16    0000000000007390     BaseLib:Unaligned.obj
 0005:00000050       $unwind$AllocatePool       0000000000007390     UefiMemoryAllocationLib:MemoryAllocationLib.obj
 0005:00000058       $unwind$ProcessLibraryConstructorList 0000000000007398     RngUEFI:AutoGen.obj
 0005:00000058       $unwind$StrnLenS           0000000000007398     BaseLib:SafeString.obj
 0005:00000058       $unwind$_ModuleEntryPoint  0000000000007398     UefiApplicationEntryPoint:ApplicationEntryPoint.obj
 0005:00000060       $unwind$AsciiStrnLenS      00000000000073a0     BaseLib:SafeString.obj
 0005:00000068       $unwind$InternalMathDivRemU64x32 00000000000073a8     BaseLib:Math64.obj
 0005:00000070       $unwind$InternalAllocatePool 00000000000073b0     UefiMemoryAllocationLib:MemoryAllocationLib.obj
 0005:00000078       $unwind$UnicodeVSPrint     00000000000073b8     BasePrintLib:PrintLib.obj
 0005:00000078       $unwind$Print              00000000000073b8     UefiLib:UefiLibPrint.obj
 0005:00000080       $unwind$InternalPrint      00000000000073c0     UefiLib:UefiLibPrint.obj
 0005:00000088       $unwind$UsbSetReportRequest 00000000000073c8     UefiUsbLib:Hid.obj
 0005:00000088       $unwind$UsbGetReportRequest 00000000000073c8     UefiUsbLib:Hid.obj
 0005:00000090       $unwind$BasePrintLibSPrintMarker 00000000000073d0     BasePrintLib:PrintLibInternal.obj
 0005:000000a0       $unwind$BasePrintLibSPrint 00000000000073e0     BasePrintLib:PrintLibInternal.obj
 0005:000000a8       $unwind$BasePrintLibFillBuffer 00000000000073e8     BasePrintLib:PrintLibInternal.obj
 0005:000000b0       $unwind$BasePrintLibValueToString 00000000000073f0     BasePrintLib:PrintLibInternal.obj
 0005:000000b8       $unwind$DivU64x32Remainder 00000000000073f8     BaseLib:DivU64x32Remainder.obj
